test
10.25.0
